cc1: fatal error: PP.c: No such file or directory
compilation terminated.
